Total time for space subdivision in millis: 5604
Total indexing time in millis 15961
